127.0.0.1 - - [21/Nov/2019:08:35:37 +0530] "GET / HTTP/1.1" 404 1074
127.0.0.1 - - [21/Nov/2019:08:36:21 +0530] "GET / HTTP/1.1" 404 1074
0:0:0:0:0:0:0:1 - - [21/Nov/2019:08:46:13 +0530] "GET /springmvc/loginform HTTP/1.1" 200 748
0:0:0:0:0:0:0:1 - - [21/Nov/2019:08:46:13 +0530] "GET /favicon.ico HTTP/1.1" 404 1085
0:0:0:0:0:0:0:1 - - [21/Nov/2019:08:46:17 +0530] "GET /springmvc/empLoginForm HTTP/1.1" 200 722
0:0:0:0:0:0:0:1 - - [21/Nov/2019:08:46:29 +0530] "POST /springmvc/empLogin HTTP/1.1" 200 568
0:0:0:0:0:0:0:1 - - [21/Nov/2019:08:46:42 +0530] "GET /springmvc/updateEmployeeForm HTTP/1.1" 200 1389
0:0:0:0:0:0:0:1 - - [21/Nov/2019:08:46:47 +0530] "GET /springmvc/deleteEmployeeForm HTTP/1.1" 404 1132
0:0:0:0:0:0:0:1 - - [21/Nov/2019:08:46:51 +0530] "GET /springmvc/searchEmployee HTTP/1.1" 500 4447
0:0:0:0:0:0:0:1 - - [21/Nov/2019:08:46:56 +0530] "GET /springmvc/seeAllEmployee HTTP/1.1" 200 722
0:0:0:0:0:0:0:1 - - [21/Nov/2019:08:47:11 +0530] "POST /springmvc/empLogin HTTP/1.1" 200 568
0:0:0:0:0:0:0:1 - - [21/Nov/2019:08:47:27 +0530] "GET /springmvc/seeAllEmployee HTTP/1.1" 200 722
0:0:0:0:0:0:0:1 - - [21/Nov/2019:08:47:31 +0530] "GET /springmvc/searchEmployee HTTP/1.1" 500 4447
0:0:0:0:0:0:0:1 - - [21/Nov/2019:08:47:39 +0530] "GET /springmvc/deleteEmployeeForm HTTP/1.1" 404 1132
127.0.0.1 - - [21/Nov/2019:08:54:10 +0530] "GET / HTTP/1.1" 404 1074
0:0:0:0:0:0:0:1 - - [21/Nov/2019:08:55:12 +0530] "GET /springmvc/empLoginForm HTTP/1.1" 500 11082
127.0.0.1 - - [21/Nov/2019:08:56:43 +0530] "GET / HTTP/1.1" 404 1074
0:0:0:0:0:0:0:1 - - [21/Nov/2019:08:56:59 +0530] "GET /springmvc/empLoginForm HTTP/1.1" 500 11082
127.0.0.1 - - [21/Nov/2019:09:47:35 +0530] "GET / HTTP/1.1" 404 1074
0:0:0:0:0:0:0:1 - - [21/Nov/2019:09:48:02 +0530] "GET /springmvc/empLoginForm HTTP/1.1" 200 722
0:0:0:0:0:0:0:1 - - [21/Nov/2019:09:48:07 +0530] "POST /springmvc/empLogin HTTP/1.1" 400 1127
0:0:0:0:0:0:0:1 - - [21/Nov/2019:09:48:20 +0530] "POST /springmvc/empLogin HTTP/1.1" 200 629
0:0:0:0:0:0:0:1 - - [21/Nov/2019:09:48:24 +0530] "GET /springmvc/seeAllEmployee HTTP/1.1" 200 722
0:0:0:0:0:0:0:1 - - [21/Nov/2019:09:48:33 +0530] "GET /springmvc/deleteEmployeeForm HTTP/1.1" 404 1127
0:0:0:0:0:0:0:1 - - [21/Nov/2019:09:48:36 +0530] "GET /springmvc/searchEmployeeForm HTTP/1.1" 200 630
0:0:0:0:0:0:0:1 - - [21/Nov/2019:09:48:42 +0530] "GET /springmvc/home HTTP/1.1" 404 1047
0:0:0:0:0:0:0:1 - - [21/Nov/2019:09:49:07 +0530] "GET /springmvc/searchEmployee?empId=101 HTTP/1.1" 200 973
0:0:0:0:0:0:0:1 - - [21/Nov/2019:09:49:18 +0530] "GET /springmvc/displayAllEmployee HTTP/1.1" 404 1047
0:0:0:0:0:0:0:1 - - [21/Nov/2019:09:56:41 +0530] "GET /springmvc/searchEmployeeForm HTTP/1.1" 200 630
0:0:0:0:0:0:0:1 - - [21/Nov/2019:09:56:46 +0530] "GET /springmvc/searchEmployee?empId=103 HTTP/1.1" 200 974
127.0.0.1 - - [21/Nov/2019:10:03:04 +0530] "GET / HTTP/1.1" 404 1074
0:0:0:0:0:0:0:1 - - [21/Nov/2019:10:03:30 +0530] "GET /springmvc/empLoginForm HTTP/1.1" 200 722
0:0:0:0:0:0:0:1 - - [21/Nov/2019:10:03:41 +0530] "POST /springmvc/empLogin HTTP/1.1" 200 631
0:0:0:0:0:0:0:1 - - [21/Nov/2019:10:03:45 +0530] "GET /springmvc/deleteEmployeeForm HTTP/1.1" 200 638
0:0:0:0:0:0:0:1 - - [21/Nov/2019:10:07:52 +0530] "GET /springmvc/deleteEmployee?empId=109 HTTP/1.1" 200 704
0:0:0:0:0:0:0:1 - - [21/Nov/2019:10:09:11 +0530] "GET /springmvc/home HTTP/1.1" 404 1047
127.0.0.1 - - [21/Nov/2019:10:48:55 +0530] "GET / HTTP/1.1" 404 1074
127.0.0.1 - - [21/Nov/2019:10:49:24 +0530] "GET / HTTP/1.1" 404 1074
127.0.0.1 - - [21/Nov/2019:11:05:15 +0530] "GET / HTTP/1.1" 404 1074
0:0:0:0:0:0:0:1 - - [21/Nov/2019:11:06:30 +0530] "PUT /springrest/addEmployee HTTP/1.1" 400 1127
0:0:0:0:0:0:0:1 - - [21/Nov/2019:11:08:21 +0530] "PUT /springrest/addEmployee HTTP/1.1" 500 3059
0:0:0:0:0:0:0:1 - - [21/Nov/2019:11:09:51 +0530] "GET /springrest/getEmployee?empId=102 HTTP/1.1" 200 249
0:0:0:0:0:0:0:1 - - [21/Nov/2019:11:23:28 +0530] "GET /springrest/getEmployee?empId=102 HTTP/1.1" 200 249
0:0:0:0:0:0:0:1 - - [21/Nov/2019:11:24:35 +0530] "GET /springrest/getEmployee?empId=102 HTTP/1.1" 200 249
0:0:0:0:0:0:0:1 - - [21/Nov/2019:11:25:37 +0530] "GET /springrest/getEmployee?empId=102 HTTP/1.1" 200 144
0:0:0:0:0:0:0:1 - - [21/Nov/2019:11:33:03 +0530] "GET /springrest/getEmployee?empId=101 HTTP/1.1" 200 151
0:0:0:0:0:0:0:1 - - [21/Nov/2019:11:35:26 +0530] "GET /springrest/getEmployee?empId=10 HTTP/1.1" 200 154
0:0:0:0:0:0:0:1 - - [21/Nov/2019:12:09:40 +0530] "GET /springrest/getEmployee?empId=10 HTTP/1.1" 200 154
127.0.0.1 - - [21/Nov/2019:12:18:01 +0530] "GET / HTTP/1.1" 404 1074
0:0:0:0:0:0:0:1 - - [21/Nov/2019:12:21:56 +0530] "GET /springrest/getEmployee?empId=101 HTTP/1.1" 200 246
0:0:0:0:0:0:0:1 - - [21/Nov/2019:12:22:30 +0530] "GET /springrest/getEmployee?empId=101 HTTP/1.1" 200 151
0:0:0:0:0:0:0:1 - - [21/Nov/2019:12:23:20 +0530] "GET /springrest/getEmployee?empId=101 HTTP/1.1" 200 131
0:0:0:0:0:0:0:1 - - [21/Nov/2019:12:23:47 +0530] "GET /springrest/getEmployee?empId=101 HTTP/1.1" 200 131
127.0.0.1 - - [21/Nov/2019:12:45:33 +0530] "GET / HTTP/1.1" 404 1074
0:0:0:0:0:0:0:1 - - [21/Nov/2019:12:46:23 +0530] "DELETE /springrest/deleteEmployee?empId=101 HTTP/1.1" 200 14
127.0.0.1 - - [21/Nov/2019:12:57:22 +0530] "GET / HTTP/1.1" 404 1074
0:0:0:0:0:0:0:1 - - [21/Nov/2019:12:59:29 +0530] "GET /springrest/getAllEmployee HTTP/1.1" 500 12843
0:0:0:0:0:0:0:1 - - [21/Nov/2019:13:00:10 +0530] "GET /springrest/getAllEmployee HTTP/1.1" 500 12843
0:0:0:0:0:0:0:1 - - [21/Nov/2019:13:03:24 +0530] "POST /springrest/updateEmployee HTTP/1.1" 400 1127
127.0.0.1 - - [21/Nov/2019:13:49:20 +0530] "GET / HTTP/1.1" 404 1074
0:0:0:0:0:0:0:1 - - [21/Nov/2019:13:49:35 +0530] "POST /springrest/updateEmployee HTTP/1.1" 200 15
0:0:0:0:0:0:0:1 - - [21/Nov/2019:13:50:29 +0530] "POST /springrest/updateEmployee HTTP/1.1" 200 15
0:0:0:0:0:0:0:1 - - [21/Nov/2019:13:50:32 +0530] "POST /springrest/updateEmployee HTTP/1.1" 200 15
0:0:0:0:0:0:0:1 - - [21/Nov/2019:13:51:41 +0530] "POST /springrest/updateEmployee HTTP/1.1" 200 15
0:0:0:0:0:0:0:1 - - [21/Nov/2019:13:53:19 +0530] "GET /springrest/getAllEmployee HTTP/1.1" 500 12843
127.0.0.1 - - [21/Nov/2019:13:59:18 +0530] "GET / HTTP/1.1" 404 1074
127.0.0.1 - - [21/Nov/2019:14:07:17 +0530] "GET / HTTP/1.1" 404 1074
0:0:0:0:0:0:0:1 - - [21/Nov/2019:14:08:36 +0530] "GET /springrest/getEmployee?empId=103 HTTP/1.1" 200 276
0:0:0:0:0:0:0:1 - - [21/Nov/2019:14:09:02 +0530] "GET /springrest/getEmployee?empId=103 HTTP/1.1" 200 132
0:0:0:0:0:0:0:1 - - [21/Nov/2019:14:10:20 +0530] "POST /springrest/updateEmployee HTTP/1.1" 200 15
127.0.0.1 - - [21/Nov/2019:14:16:19 +0530] "GET / HTTP/1.1" 404 1074
0:0:0:0:0:0:0:1 - - [21/Nov/2019:14:16:32 +0530] "POST /springrest/updateEmployee HTTP/1.1" 200 14
0:0:0:0:0:0:0:1 - - [21/Nov/2019:14:19:11 +0530] "GET /springrest/getAllEmployee HTTP/1.1" 500 12843
0:0:0:0:0:0:0:1 - - [21/Nov/2019:14:20:10 +0530] "GET /springrest/getAllEmployee HTTP/1.1" 500 12843
127.0.0.1 - - [21/Nov/2019:14:32:54 +0530] "GET / HTTP/1.1" 404 1074
0:0:0:0:0:0:0:1 - - [21/Nov/2019:14:34:30 +0530] "POST /springrest/getAllEmployee HTTP/1.1" 405 1115
0:0:0:0:0:0:0:1 - - [21/Nov/2019:14:36:49 +0530] "GET /springrest/getAllEmployee HTTP/1.1" 200 -
0:0:0:0:0:0:0:1 - - [21/Nov/2019:14:38:32 +0530] "GET /springrest/getAllEmployee HTTP/1.1" 200 -
0:0:0:0:0:0:0:1 - - [21/Nov/2019:14:40:44 +0530] "GET /springrest/getAllEmployee HTTP/1.1" 200 -
0:0:0:0:0:0:0:1 - - [21/Nov/2019:14:41:07 +0530] "GET /springrest/getAllEmployee HTTP/1.1" 200 -
127.0.0.1 - - [21/Nov/2019:14:42:33 +0530] "GET / HTTP/1.1" 404 1074
0:0:0:0:0:0:0:1 - - [21/Nov/2019:14:43:01 +0530] "GET /springrest/getAllEmployee HTTP/1.1" 200 -
127.0.0.1 - - [21/Nov/2019:14:44:37 +0530] "GET / HTTP/1.1" 404 1074
0:0:0:0:0:0:0:1 - - [21/Nov/2019:14:45:16 +0530] "GET /springrest/getAllEmployee HTTP/1.1" 200 -
127.0.0.1 - - [21/Nov/2019:14:52:20 +0530] "GET / HTTP/1.1" 404 1074
0:0:0:0:0:0:0:1 - - [21/Nov/2019:14:52:42 +0530] "GET /springrest/getAllEmployee HTTP/1.1" 200 -
127.0.0.1 - - [21/Nov/2019:15:44:37 +0530] "GET / HTTP/1.1" 404 1074
0:0:0:0:0:0:0:1 - - [21/Nov/2019:15:45:05 +0530] "GET /springrest/getAllEmployee HTTP/1.1" 200 -
127.0.0.1 - - [21/Nov/2019:17:12:51 +0530] "GET / HTTP/1.1" 404 1074
0:0:0:0:0:0:0:1 - - [21/Nov/2019:17:14:28 +0530] "GET /springrest/getEmployee?empId=103 HTTP/1.1" 200 217
0:0:0:0:0:0:0:1 - - [21/Nov/2019:17:14:44 +0530] "GET /springrest/addEmployee HTTP/1.1" 405 1114
0:0:0:0:0:0:0:1 - - [21/Nov/2019:17:15:04 +0530] "GET /springrest/updateEmployee HTTP/1.1" 405 1114
127.0.0.1 - - [21/Nov/2019:17:16:08 +0530] "GET / HTTP/1.1" 404 1074
0:0:0:0:0:0:0:1 - - [21/Nov/2019:17:18:33 +0530] "GET /springrest/getEmployee?empId=103 HTTP/1.1" 200 217
0:0:0:0:0:0:0:1 - - [21/Nov/2019:17:20:20 +0530] "POST /springrest/updateEmployee HTTP/1.1" 415 1087
127.0.0.1 - - [21/Nov/2019:18:53:28 +0530] "GET / HTTP/1.1" 404 1074
0:0:0:0:0:0:0:1 - - [21/Nov/2019:18:54:42 +0530] "GET /springmvc/loginform HTTP/1.1" 200 748
0:0:0:0:0:0:0:1 - - [21/Nov/2019:18:54:42 +0530] "GET /springmvc/loginform HTTP/1.1" 200 748
0:0:0:0:0:0:0:1 - - [21/Nov/2019:18:54:57 +0530] "POST /springmvc/login4 HTTP/1.1" 200 234
127.0.0.1 - - [21/Nov/2019:19:20:48 +0530] "GET / HTTP/1.1" 404 1074
0:0:0:0:0:0:0:1 - - [21/Nov/2019:19:21:01 +0530] "GET /springmvc/loginform HTTP/1.1" 200 851
0:0:0:0:0:0:0:1 - - [21/Nov/2019:19:21:33 +0530] "POST /springmvc/login4 HTTP/1.1" 400 1127
127.0.0.1 - - [21/Nov/2019:19:28:24 +0530] "GET / HTTP/1.1" 404 1074
0:0:0:0:0:0:0:1 - - [21/Nov/2019:19:33:12 +0530] "POST /springmvc/login4 HTTP/1.1" 400 1127
127.0.0.1 - - [21/Nov/2019:19:39:31 +0530] "GET / HTTP/1.1" 404 1074
127.0.0.1 - - [21/Nov/2019:19:39:49 +0530] "GET / HTTP/1.1" 404 1074
0:0:0:0:0:0:0:1 - - [21/Nov/2019:19:40:21 +0530] "POST /springmvc/login4 HTTP/1.1" 200 279
